26-09-09 13:42:16 | INFO | project.middleware | Request received : GET /auth/me
26-09-09 13:42:16 | ERROR | project.middleware | Response encountered an error: GET /auth/me | status=401 | process_time=0.238
26-09-09 13:43:19 | INFO | project.middleware | Request received : GET /
26-09-09 13:43:19 | INFO | project.middleware | Response sent: GET / | status=200 | process_time=0.123
26-09-09 13:43:19 | INFO | project.middleware | Request received : GET /favicon.ico
26-09-09 13:43:19 | ERROR | project.middleware | Response encountered an error: GET /favicon.ico | status=404 | process_time=0.003
26-09-09 13:43:24 | INFO | project.middleware | Request received : GET /doc
26-09-09 13:43:24 | ERROR | project.middleware | Response encountered an error: GET /doc | status=404 | process_time=0.001
26-09-09 13:43:28 | INFO | project.middleware | Request received : GET /docs
26-09-09 13:43:28 | INFO | project.middleware | Response sent: GET /docs | status=200 | process_time=0.002
26-09-09 13:43:30 | INFO | project.middleware | Request received : GET /openapi.json
26-09-09 13:43:30 | INFO | project.middleware | Response sent: GET /openapi.json | status=200 | process_time=0.308
26-09-09 13:49:05 | INFO | project.middleware | Request received : GET /categories
26-09-09 13:49:06 | INFO | project.middleware | Response sent: GET /categories | status=307 | process_time=0.071
26-09-09 13:49:06 | INFO | project.middleware | Request received : GET /categories/
26-09-09 13:49:07 | INFO | project.middleware | Response sent: GET /categories/ | status=200 | process_time=1.161
26-09-09 13:49:38 | INFO | project.middleware | Request received : POST /categories
26-09-09 13:49:38 | INFO | project.middleware | Response sent: POST /categories | status=307 | process_time=0.001
26-09-09 13:49:38 | INFO | project.middleware | Request received : POST /categories/
26-09-09 13:49:39 | ERROR | project.middleware | Response encountered an error: POST /categories/ | status=401 | process_time=0.934
26-09-09 13:50:47 | INFO | project.middleware | Request received : POST /auth/login
26-09-09 13:50:48 | INFO | project.middleware | Response sent: POST /auth/login | status=200 | process_time=1.061
